// Jest Snapshot v1, https://goo.gl/fbAQLP

exports[`NavbarDropdownHeader should render correctly 1`] = `
.c0 {
  font-family: 'Roboto',sans-serif;
  font-size: 1rem;
  font-weight: 600;
  color: #990000;
  cursor: pointer;
  display: none;
}

@media (min-width:48rem) {
  .c0 {
    display: block;
  }
}

<NavbarDropdownHeader>
  <styled.span>
    <StyledComponent
      forwardedClass={
        Object {
          "$$typeof": Symbol(react.forward_ref),
          "attrs": Array [],
          "componentStyle": ComponentStyle {
            "componentId": "sc-bdVaJa",
            "isStatic": false,
            "lastClassName": "c0",
            "rules": Array [
              "
  font-family: ",
              [Function],
              ";
  font-size: 1rem;
  font-weight: 600;
  color: ",
              [Function],
              ";
  cursor: pointer;
  display: none;

  @media (min-width: ",
              [Function],
              ") {
    display: block;
  }
",
            ],
          },
          "displayName": "styled.span",
          "render": [Function],
          "styledComponentId": "sc-bdVaJa",
          "target": "span",
          "toString": [Function],
          "warnTooManyClasses": [Function],
          "withComponent": [Function],
        }
      }
      forwardedRef={null}
    >
      <span
        className="c0"
      />
    </StyledComponent>
  </styled.span>
</NavbarDropdownHeader>
`;
