// Jest Snapshot v1, https://goo.gl/fbAQLP

exports[`NavbarBrand should render correctly 1`] = `
.c0 {
  position: relative;
  z-index: 100;
}

<NavbarBrand
  height="60px"
>
  <styled.div
    height="60px"
  >
    <StyledComponent
      forwardedClass={
        Object {
          "$$typeof": Symbol(react.forward_ref),
          "attrs": Array [],
          "componentStyle": ComponentStyle {
            "componentId": "sc-bdVaJa",
            "isStatic": false,
            "lastClassName": "c0",
            "rules": Array [
              "
  position: relative;
  z-index: ",
              [Function],
              ";
",
            ],
          },
          "displayName": "styled.div",
          "render": [Function],
          "styledComponentId": "sc-bdVaJa",
          "target": "div",
          "toString": [Function],
          "warnTooManyClasses": [Function],
          "withComponent": [Function],
        }
      }
      forwardedRef={null}
      height="60px"
    >
      <div
        className="c0"
        height="60px"
      />
    </StyledComponent>
  </styled.div>
</NavbarBrand>
`;

exports[`NavbarBrand should render correctly with height 1`] = `
.c0 {
  position: relative;
  z-index: 100;
}

<NavbarBrand
  height="60px"
>
  <styled.div
    height="60px"
  >
    <StyledComponent
      forwardedClass={
        Object {
          "$$typeof": Symbol(react.forward_ref),
          "attrs": Array [],
          "componentStyle": ComponentStyle {
            "componentId": "sc-bdVaJa",
            "isStatic": false,
            "lastClassName": "c0",
            "rules": Array [
              "
  position: relative;
  z-index: ",
              [Function],
              ";
",
            ],
          },
          "displayName": "styled.div",
          "render": [Function],
          "styledComponentId": "sc-bdVaJa",
          "target": "div",
          "toString": [Function],
          "warnTooManyClasses": [Function],
          "withComponent": [Function],
        }
      }
      forwardedRef={null}
      height="60px"
    >
      <div
        className="c0"
        height="60px"
      />
    </StyledComponent>
  </styled.div>
</NavbarBrand>
`;
