// Jest Snapshot v1, https://goo.gl/fbAQLP

exports[`DataTable should render correctly 1`] = `
.c0 {
  width: 100%;
  overflow-x: auto;
}

.c1 {
  display: -webkit-box;
  display: -webkit-flex;
  display: -ms-flexbox;
  display: flex;
  -webkit-flex-direction: column;
  -ms-flex-direction: column;
  flex-direction: column;
  -webkit-box-pack: start;
  -webkit-justify-content: flex-start;
  -ms-flex-pack: start;
  justify-content: flex-start;
  -webkit-align-items: center;
  -webkit-box-align: center;
  -ms-flex-align: center;
  align-items: center;
  width: 100%;
  min-width: 1200px;
  padding: 1rem;
  box-sizing: border-box;
  background: #F3F3F3;
  border: 1px solid #C2C2C2;
  border-radius: 5px;
}

.c1 > :not(:first-child) {
  border-top: 1px dashed #C2C2C2;
}

<DataTable>
  <styled.div>
    <StyledComponent
      forwardedComponent={
        Object {
          "$$typeof": Symbol(react.forward_ref),
          "attrs": Array [],
          "componentStyle": ComponentStyle {
            "componentId": "sc-bdVaJa",
            "isStatic": true,
            "lastClassName": "c0",
            "rules": Array [
              "
  width: 100%;
  overflow-x: auto;
",
            ],
          },
          "displayName": "styled.div",
          "foldedComponentIds": Array [],
          "render": [Function],
          "styledComponentId": "sc-bdVaJa",
          "target": "div",
          "toString": [Function],
          "warnTooManyClasses": [Function],
          "withComponent": [Function],
        }
      }
      forwardedRef={null}
    >
      <div
        className="c0"
      >
        <styled.div>
          <StyledComponent
            forwardedComponent={
              Object {
                "$$typeof": Symbol(react.forward_ref),
                "attrs": Array [],
                "componentStyle": ComponentStyle {
                  "componentId": "sc-bwzfXH",
                  "isStatic": false,
                  "lastClassName": "c1",
                  "rules": Array [
                    "
  display: flex;
  flex-direction: column;
  justify-content: flex-start;
  align-items: center;
  width: 100%;
  min-width: 1200px;
  padding: 1rem;
  box-sizing: border-box;
  background: ",
                    [Function],
                    ";
  border: 1px solid ",
                    [Function],
                    ";
  border-radius: 5px;

  & > :not(:first-child) {
    border-top: 1px dashed ",
                    [Function],
                    "
  }
",
                  ],
                },
                "displayName": "styled.div",
                "foldedComponentIds": Array [],
                "render": [Function],
                "styledComponentId": "sc-bwzfXH",
                "target": "div",
                "toString": [Function],
                "warnTooManyClasses": [Function],
                "withComponent": [Function],
              }
            }
            forwardedRef={null}
          >
            <div
              className="c1"
            >
              MyDataTable
            </div>
          </StyledComponent>
        </styled.div>
      </div>
    </StyledComponent>
  </styled.div>
</DataTable>
`;
